Warning: You are sending unauthenticated requests to the HF Hub. Please set a HF_TOKEN to enable higher rate limits and faster downloads.
[transformers] You passed `num_labels=3` which is incompatible to the `id2label` map of length `5`.
Loading weights:   0%|          | 0/199 [00:00<?, ?it/s]Loading weights: 100%|##########| 199/199 [00:00<00:00, 38280.43it/s]
[transformers] [1mBertForSequenceClassification LOAD REPORT[0m from: indobenchmark/indobert-base-p2
Key               | Status  | 
------------------+---------+-
classifier.bias   | MISSING | 
classifier.weight | MISSING | 

Notes:
- MISSING:	those params were newly initialized because missing from the checkpoint. Consider training on your downstream task.
[transformers] `use_cache=True` is incompatible with gradient checkpointing. Setting `use_cache=False`.
[transformers] You passed `num_labels=3` which is incompatible to the `id2label` map of length `5`.
Loading weights:   0%|          | 0/199 [00:00<?, ?it/s]Loading weights: 100%|##########| 199/199 [00:00<00:00, 44378.27it/s]
[transformers] [1mBertForSequenceClassification LOAD REPORT[0m from: indobenchmark/indobert-base-p2
Key               | Status  | 
------------------+---------+-
classifier.bias   | MISSING | 
classifier.weight | MISSING | 

Notes:
- MISSING:	those params were newly initialized because missing from the checkpoint. Consider training on your downstream task.
[transformers] You passed `num_labels=3` which is incompatible to the `id2label` map of length `5`.
Loading weights:   0%|          | 0/199 [00:00<?, ?it/s]Loading weights: 100%|##########| 199/199 [00:00<00:00, 36215.84it/s]
[transformers] [1mBertForSequenceClassification LOAD REPORT[0m from: indobenchmark/indobert-base-p2
Key               | Status  | 
------------------+---------+-
classifier.bias   | MISSING | 
classifier.weight | MISSING | 

Notes:
- MISSING:	those params were newly initialized because missing from the checkpoint. Consider training on your downstream task.
[transformers] You passed `num_labels=3` which is incompatible to the `id2label` map of length `5`.
Loading weights:   0%|          | 0/199 [00:00<?, ?it/s]Loading weights: 100%|##########| 199/199 [00:00<00:00, 26855.42it/s]
[transformers] [1mBertForSequenceClassification LOAD REPORT[0m from: indobenchmark/indobert-base-p2
Key               | Status  | 
------------------+---------+-
classifier.bias   | MISSING | 
classifier.weight | MISSING | 

Notes:
- MISSING:	those params were newly initialized because missing from the checkpoint. Consider training on your downstream task.
[transformers] You passed `num_labels=3` which is incompatible to the `id2label` map of length `5`.
Loading weights:   0%|          | 0/199 [00:00<?, ?it/s]Loading weights: 100%|##########| 199/199 [00:00<00:00, 43032.92it/s]
[transformers] [1mBertForSequenceClassification LOAD REPORT[0m from: indobenchmark/indobert-base-p2
Key               | Status  | 
------------------+---------+-
classifier.bias   | MISSING | 
classifier.weight | MISSING | 

Notes:
- MISSING:	those params were newly initialized because missing from the checkpoint. Consider training on your downstream task.
[transformers] You passed `num_labels=3` which is incompatible to the `id2label` map of length `5`.
Loading weights:   0%|          | 0/199 [00:00<?, ?it/s]Loading weights: 100%|##########| 199/199 [00:00<00:00, 43658.67it/s]
[transformers] [1mBertForSequenceClassification LOAD REPORT[0m from: indobenchmark/indobert-base-p2
Key               | Status  | 
------------------+---------+-
classifier.bias   | MISSING | 
classifier.weight | MISSING | 

Notes:
- MISSING:	those params were newly initialized because missing from the checkpoint. Consider training on your downstream task.
[transformers] You passed `num_labels=3` which is incompatible to the `id2label` map of length `5`.
Loading weights:   0%|          | 0/199 [00:00<?, ?it/s]Loading weights: 100%|##########| 199/199 [00:00<00:00, 31188.49it/s]
[transformers] [1mBertForSequenceClassification LOAD REPORT[0m from: indobenchmark/indobert-base-p2
Key               | Status  | 
------------------+---------+-
classifier.bias   | MISSING | 
classifier.weight | MISSING | 

Notes:
- MISSING:	those params were newly initialized because missing from the checkpoint. Consider training on your downstream task.
Traceback (most recent call last):
  File "D:\NALDI\Analisis-Astroturfing\scripts\train_rm2_sentiment_indobert_v4_final.py", line 1200, in main
    oof_rows, metric_rows, commit = run_trial(
                                    ~~~~~~~~~^
        trial,
        ^^^^^^
    ...<6 lines>...
        precision,
        ^^^^^^^^^^
    )
    ^
  File "D:\NALDI\Analisis-Astroturfing\scripts\train_rm2_sentiment_indobert_v4_final.py", line 831, in run_trial
    probs, fold_metrics, commit = train_one_fold(
                                  ~~~~~~~~~~~~~~^
        trial,
        ^^^^^^
    ...<8 lines>...
        precision,
        ^^^^^^^^^^
    )
    ^
  File "D:\NALDI\Analisis-Astroturfing\scripts\train_rm2_sentiment_indobert_v4_final.py", line 665, in train_one_fold
    labels = batch.pop("labels").to(device)
torch.AcceleratorError: CUDA error: unknown error
Search for `cudaErrorUnknown' in https://docs.nvidia.com/cuda/cuda-runtime-api/group__CUDART__TYPES.html for more information.
For more detailed error information, run with CUDA_LOG_FILE=stderr


During handling of the above exception, another exception occurred:

Traceback (most recent call last):
  File "D:\NALDI\Analisis-Astroturfing\scripts\train_rm2_sentiment_indobert_v4_final.py", line 1348, in <module>
    main()
    ~~~~^^
  File "D:\NALDI\Analisis-Astroturfing\scripts\train_rm2_sentiment_indobert_v4_final.py", line 1218, in main
    torch.cuda.empty_cache()
    ~~~~~~~~~~~~~~~~~~~~~~^^
  File "C:\Users\User\miniconda3\Lib\site-packages\torch\cuda\memory.py", line 228, in empty_cache
    torch._C._cuda_emptyCache()
    ~~~~~~~~~~~~~~~~~~~~~~~~~^^
torch.AcceleratorError: CUDA error: unknown error
Search for `cudaErrorUnknown' in https://docs.nvidia.com/cuda/cuda-runtime-api/group__CUDART__TYPES.html for more information.
For more detailed error information, run with CUDA_LOG_FILE=stderr

